+ set -eu
+ git clone https://github.com/unpingable/nq.git
Cloning into 'nq'...
+ cd nq
+ set -eu
+ cargo build --release --locked
info: syncing channel updates for '1.88-x86_64-unknown-linux-gnu'
info: latest update on 2025-06-26, rust version 1.88.0 (6b00bc388 2025-06-23)
info: downloading component 'cargo'
info: downloading component 'clippy'
info: downloading component 'rust-docs'
info: downloading component 'rust-std'
info: downloading component 'rustc'
info: downloading component 'rustfmt'
info: installing component 'cargo'
info: installing component 'clippy'
info: installing component 'rust-docs'
info: installing component 'rust-std'
info: installing component 'rustc'
info: installing component 'rustfmt'
    Updating crates.io index
 Downloading crates ...
  Downloaded asn1-rs-derive v0.5.1
  Downloaded anstream v1.0.0
  Downloaded anstyle-query v1.1.5
  Downloaded anstyle-parse v1.0.0
  Downloaded anstyle v1.0.14
  Downloaded cfg-if v1.0.4
  Downloaded crypto-common v0.1.7
  Downloaded powerfmt v0.2.0
  Downloaded rustc-hash v2.1.1
  Downloaded mime v0.3.17
  Downloaded sync_wrapper v1.0.2
  Downloaded httpdate v1.0.3
  Downloaded pin-utils v0.1.0
  Downloaded rand_core v0.9.5
  Downloaded oid-registry v0.7.1
  Downloaded itoa v1.0.18
  Downloaded percent-encoding v2.3.2
  Downloaded tinyvec_macros v0.1.1
  Downloaded asn1-rs-impl v0.2.0
  Downloaded matchers v0.2.0
  Downloaded subtle v2.6.1
  Downloaded autocfg v1.5.1
  Downloaded num-conv v0.2.0
  Downloaded hex v0.4.3
  Downloaded lazy_static v1.5.0
  Downloaded heck v0.5.0
  Downloaded futures-core v0.3.32
  Downloaded ipnet v2.12.0
  Downloaded time-core v0.1.8
  Downloaded zerofrom-derive v0.1.6
  Downloaded rusticata-macros v4.1.0
  Downloaded zerofrom v0.1.6
  Downloaded rand v0.9.2
  Downloaded tinystr v0.8.2
  Downloaded zmij v1.0.21
  Downloaded iri-string v0.7.10
  Downloaded quote v1.0.45
  Downloaded futures-util v0.3.32
  Downloaded quinn-udp v0.5.14
  Downloaded tracing-log v0.2.0
  Downloaded tracing-attributes v0.1.31
  Downloaded thiserror v1.0.69
  Downloaded smallvec v1.15.1
  Downloaded sharded-slab v0.1.7
  Downloaded tinyvec v1.11.0
  Downloaded rustls-pki-types v1.14.0
  Downloaded zeroize v1.8.2
  Downloaded tracing-core v0.1.36
  Downloaded serde_derive v1.0.228
  Downloaded unicode-ident v1.0.24
  Downloaded socket2 v0.6.3
  Downloaded zerotrie v0.2.3
  Downloaded serde_core v1.0.228
  Downloaded reqwest v0.12.28
  Downloaded rustls-webpki v0.103.9
  Downloaded url v2.5.8
  Downloaded tower v0.5.3
  Downloaded x509-parser v0.16.0
  Downloaded typenum v1.20.0
  Downloaded serde v1.0.228
  Downloaded ryu-js v0.2.2
  Downloaded ryu v1.0.23
  Downloaded rusqlite v0.31.0
  Downloaded zerovec v0.11.5
  Downloaded tower-http v0.6.8
  Downloaded serde_json v1.0.149
  Downloaded tokio-rustls v0.26.4
  Downloaded tokio-macros v2.6.1
  Downloaded synstructure v0.13.2
  Downloaded signal-hook-registry v1.4.8
  Downloaded sha2 v0.10.9
  Downloaded zerovec-derive v0.11.2
  Downloaded libc v0.2.183
  Downloaded yoke v0.8.1
  Downloaded tracing-subscriber v0.3.23
  Downloaded webpki-roots v1.0.6
  Downloaded quinn-proto v0.11.14
  Downloaded vcpkg v0.2.15
  Downloaded zerocopy v0.8.47
  Downloaded syn v2.0.117
  Downloaded time v0.3.47
  Downloaded regex-syntax v0.8.10
  Downloaded rustls v0.23.37
  Downloaded writeable v0.6.2
  Downloaded want v0.3.1
  Downloaded untrusted v0.9.0
  Downloaded time-macros v0.2.27
  Downloaded tracing v0.1.44
  Downloaded strsim v0.11.1
  Downloaded slab v0.4.12
  Downloaded shlex v1.3.0
  Downloaded hyper v1.8.1
  Downloaded clap_builder v4.6.0
  Downloaded axum v0.8.8
  Downloaded idna v1.1.0
  Downloaded regex-automata v0.4.14
  Downloaded icu_properties_data v2.1.2
  Downloaded hashbrown v0.14.5
  Downloaded utf8parse v0.2.2
  Downloaded thiserror-impl v1.0.69
  Downloaded thiserror v2.0.18
  Downloaded serde_path_to_error v0.1.20
  Downloaded aho-corasick v1.1.4
  Downloaded thread_local v1.1.9
  Downloaded thiserror-impl v2.0.18
  Downloaded stable_deref_trait v1.2.1
  Downloaded num-bigint v0.4.6
  Downloaded nom v7.1.3
  Downloaded mio v1.1.1
  Downloaded tokio v1.50.0
  Downloaded cc v1.2.57
  Downloaded memchr v2.8.0
  Downloaded icu_collections v2.1.1
  Downloaded hyper-util v0.1.20
  Downloaded http v1.4.0
  Downloaded version_check v0.9.5
  Downloaded serde_jcs v0.2.0
  Downloaded quinn v0.11.9
  Downloaded minimal-lexical v0.2.1
  Downloaded icu_properties v2.1.2
  Downloaded icu_normalizer_data v2.1.1
  Downloaded icu_locale_core v2.1.1
  Downloaded bytes v1.11.1
  Downloaded base64 v0.22.1
  Downloaded num-traits v0.2.19
  Downloaded log v0.4.29
  Downloaded icu_provider v2.1.1
  Downloaded icu_normalizer v2.1.1
  Downloaded getrandom v0.3.4
  Downloaded clap v4.6.0
  Downloaded yoke-derive v0.8.1
  Downloaded utf8_iter v1.0.4
  Downloaded try-lock v0.2.5
  Downloaded tower-service v0.3.3
  Downloaded tower-layer v0.3.3
  Downloaded once_cell v1.21.4
  Downloaded hyper-rustls v0.27.7
  Downloaded httparse v1.10.1
  Downloaded getrandom v0.2.17
  Downloaded futures-channel v0.3.32
  Downloaded find-msvc-tools v0.1.9
  Downloaded displaydoc v0.2.5
  Downloaded der-parser v9.0.0
  Downloaded bitflags v2.11.0
  Downloaded ring v0.17.14
  Downloaded serde_urlencoded v0.7.1
  Downloaded ppv-lite86 v0.2.21
  Downloaded potential_utf v0.1.4
  Downloaded pkg-config v0.3.32
  Downloaded pin-project-lite v0.2.17
  Downloaded num-integer v0.1.46
  Downloaded nu-ansi-term v0.50.3
  Downloaded matchit v0.8.4
  Downloaded litemap v0.8.1
  Downloaded http-body-util v0.1.3
  Downloaded hashlink v0.9.1
  Downloaded digest v0.10.7
  Downloaded clap_derive v4.6.0
  Downloaded axum-core v0.5.6
  Downloaded fallible-iterator v0.3.0
  Downloaded deranged v0.5.8
  Downloaded block-buffer v0.10.4
  Downloaded rand_chacha v0.9.0
  Downloaded asn1-rs v0.6.2
  Downloaded anyhow v1.0.102
  Downloaded is_terminal_polyfill v1.70.2
  Downloaded idna_adapter v1.2.1
  Downloaded hostname v0.4.2
  Downloaded generic-array v0.14.7
  Downloaded futures-task v0.3.32
  Downloaded futures-io v0.3.32
  Downloaded form_urlencoded v1.2.2
  Downloaded errno v0.3.14
  Downloaded data-encoding v2.11.0
  Downloaded cpufeatures v0.2.17
  Downloaded http-body v1.0.1
  Downloaded atomic-waker v1.1.2
  Downloaded proc-macro2 v1.0.106
  Downloaded lru-slab v0.1.2
  Downloaded ahash v0.8.12
  Downloaded futures-sink v0.3.32
  Downloaded fallible-streaming-iterator v0.1.9
  Downloaded colorchoice v1.0.5
  Downloaded clap_lex v1.1.0
  Downloaded cfg_aliases v0.2.1
  Downloaded libsqlite3-sys v0.28.0
   Compiling proc-macro2 v1.0.106
   Compiling quote v1.0.45
   Compiling unicode-ident v1.0.24
   Compiling itoa v1.0.18
   Compiling libc v0.2.183
   Compiling once_cell v1.21.4
   Compiling serde_core v1.0.228
   Compiling memchr v2.8.0
   Compiling cfg-if v1.0.4
   Compiling version_check v0.9.5
   Compiling shlex v1.3.0
   Compiling find-msvc-tools v0.1.9
   Compiling pin-project-lite v0.2.17
   Compiling stable_deref_trait v1.2.1
   Compiling cc v1.2.57
   Compiling syn v2.0.117
   Compiling bytes v1.11.1
   Compiling log v0.4.29
   Compiling futures-core v0.3.32
   Compiling smallvec v1.15.1
   Compiling tracing-core v0.1.36
   Compiling errno v0.3.14
   Compiling signal-hook-registry v1.4.8
   Compiling http v1.4.0
   Compiling socket2 v0.6.3
   Compiling mio v1.1.1
   Compiling futures-sink v0.3.32
   Compiling powerfmt v0.2.0
   Compiling time-core v0.1.8
   Compiling num-conv v0.2.0
   Compiling deranged v0.5.8
   Compiling time-macros v0.2.27
   Compiling http-body v1.0.1
   Compiling ring v0.17.14
   Compiling generic-array v0.14.7
   Compiling litemap v0.8.1
   Compiling zmij v1.0.21
   Compiling serde v1.0.228
   Compiling writeable v0.6.2
   Compiling percent-encoding v2.3.2
   Compiling futures-task v0.3.32
   Compiling serde_json v1.0.149
   Compiling zeroize v1.8.2
   Compiling synstructure v0.13.2
   Compiling typenum v1.20.0
   Compiling icu_properties_data v2.1.2
   Compiling futures-io v0.3.32
   Compiling time v0.3.47
   Compiling httparse v1.10.1
   Compiling icu_normalizer_data v2.1.1
   Compiling slab v0.4.12
   Compiling tower-service v0.3.3
   Compiling futures-util v0.3.32
   Compiling rustls-pki-types v1.14.0
   Compiling displaydoc v0.2.5
   Compiling zerofrom-derive v0.1.6
   Compiling yoke-derive v0.8.1
   Compiling zerovec-derive v0.11.2
   Compiling zerofrom v0.1.6
   Compiling yoke v0.8.1
   Compiling tracing-attributes v0.1.31
   Compiling tokio-macros v2.6.1
   Compiling zerotrie v0.2.3
   Compiling serde_derive v1.0.228
   Compiling zerovec v0.11.5
   Compiling getrandom v0.2.17
   Compiling try-lock v0.2.5
   Compiling untrusted v0.9.0
   Compiling tokio v1.50.0
   Compiling tinystr v0.8.2
   Compiling potential_utf v0.1.4
   Compiling icu_collections v2.1.1
   Compiling icu_locale_core v2.1.1
   Compiling tracing v0.1.44
   Compiling zerocopy v0.8.47
   Compiling icu_provider v2.1.1
   Compiling autocfg v1.5.1
   Compiling num-traits v0.2.19
   Compiling want v0.3.1
   Compiling futures-channel v0.3.32
   Compiling sync_wrapper v1.0.2
   Compiling ahash v0.8.12
   Compiling pin-utils v0.1.0
   Compiling atomic-waker v1.1.2
   Compiling tower-layer v0.3.3
   Compiling rustls v0.23.37
   Compiling httpdate v1.0.3
   Compiling icu_normalizer v2.1.1
   Compiling icu_properties v2.1.2
   Compiling rustls-webpki v0.103.9
   Compiling hyper v1.8.1
   Compiling block-buffer v0.10.4
   Compiling crypto-common v0.1.7
   Compiling form_urlencoded v1.2.2
   Compiling subtle v2.6.1
   Compiling pkg-config v0.3.32
   Compiling vcpkg v0.2.15
   Compiling base64 v0.22.1
   Compiling ipnet v2.12.0
   Compiling bitflags v2.11.0
   Compiling hyper-util v0.1.20
   Compiling libsqlite3-sys v0.28.0
   Compiling digest v0.10.7
   Compiling idna_adapter v1.2.1
   Compiling tower v0.5.3
   Compiling http-body-util v0.1.3
   Compiling minimal-lexical v0.2.1
   Compiling anyhow v1.0.102
   Compiling ryu v1.0.23
   Compiling utf8parse v0.2.2
   Compiling utf8_iter v1.0.4
   Compiling ryu-js v0.2.2
   Compiling thiserror v1.0.69
   Compiling cpufeatures v0.2.17
   Compiling sha2 v0.10.9
   Compiling serde_jcs v0.2.0
   Compiling idna v1.1.0
   Compiling serde_urlencoded v0.7.1
   Compiling anstyle-parse v1.0.0
   Compiling nom v7.1.3
   Compiling hashbrown v0.14.5
   Compiling thiserror-impl v1.0.69
   Compiling tokio-rustls v0.26.4
   Compiling webpki-roots v1.0.6
   Compiling lazy_static v1.5.0
   Compiling regex-syntax v0.8.10
   Compiling is_terminal_polyfill v1.70.2
   Compiling hex v0.4.3
   Compiling anstyle v1.0.14
   Compiling anstyle-query v1.1.5
   Compiling colorchoice v1.0.5
   Compiling iri-string v0.7.10
   Compiling anstream v1.0.0
   Compiling nq-core v0.1.0 (/tmp/nq-install-source-_ryi23ys/work/nq/crates/nq-core)
   Compiling rusticata-macros v4.1.0
   Compiling regex-automata v0.4.14
   Compiling tower-http v0.6.8
   Compiling hyper-rustls v0.27.7
   Compiling hashlink v0.9.1
   Compiling url v2.5.8
   Compiling asn1-rs-derive v0.5.1
   Compiling asn1-rs-impl v0.2.0
   Compiling fallible-streaming-iterator v0.1.9
   Compiling heck v0.5.0
   Compiling fallible-iterator v0.3.0
   Compiling clap_lex v1.1.0
   Compiling mime v0.3.17
   Compiling strsim v0.11.1
   Compiling clap_builder v4.6.0
   Compiling axum-core v0.5.6
   Compiling clap_derive v4.6.0
   Compiling asn1-rs v0.6.2
   Compiling reqwest v0.12.28
   Compiling matchers v0.2.0
   Compiling sharded-slab v0.1.7
   Compiling num-integer v0.1.46
   Compiling serde_path_to_error v0.1.20
   Compiling tracing-log v0.2.0
   Compiling thread_local v1.1.9
   Compiling thiserror v2.0.18
   Compiling oid-registry v0.7.1
   Compiling matchit v0.8.4
   Compiling nu-ansi-term v0.50.3
   Compiling tracing-subscriber v0.3.23
   Compiling axum v0.8.8
   Compiling num-bigint v0.4.6
   Compiling nq-witness-api v0.1.0 (/tmp/nq-install-source-_ryi23ys/work/nq/crates/nq-witness-api)
   Compiling clap v4.6.0
   Compiling thiserror-impl v2.0.18
   Compiling hostname v0.4.2
   Compiling nq-db v0.1.0 (/tmp/nq-install-source-_ryi23ys/work/nq/crates/nq-db)
   Compiling der-parser v9.0.0
   Compiling data-encoding v2.11.0
   Compiling x509-parser v0.16.0
   Compiling rusqlite v0.31.0
   Compiling nq-witness v0.1.0 (/tmp/nq-install-source-_ryi23ys/work/nq/crates/nq-witness)
   Compiling nq-monitor v0.1.0 (/tmp/nq-install-source-_ryi23ys/work/nq/crates/nq-monitor)
warning: field `candidate_ingested_at_ms` is never read
   --> crates/nq-monitor/src/docket_dossier.rs:210:5
    |
186 | struct Identity {
    |        -------- field in this struct
...
210 |     candidate_ingested_at_ms: u64,
    |     ^^^^^^^^^^^^^^^^^^^^^^^^
    |
    = note: `Identity` has a derived impl for the trait `Debug`, but this is intentionally ignored during dead code analysis
    = note: `#[warn(dead_code)]` on by default

warning: field `environment` is never read
   --> crates/nq-monitor/src/docket_dossier.rs:228:5
    |
226 | struct ObservationPlan {
    |        --------------- field in this struct
227 |     argv: Vec<String>,
228 |     environment: String,
    |     ^^^^^^^^^^^
    |
    = note: `ObservationPlan` has a derived impl for the trait `Debug`, but this is intentionally ignored during dead code analysis

warning: field `recovery_standing_use` is never read
   --> crates/nq-monitor/src/docket_dossier.rs:340:5
    |
336 | struct Resolution {
    |        ---------- field in this struct
...
340 |     recovery_standing_use: String,
    |     ^^^^^^^^^^^^^^^^^^^^^
    |
    = note: `Resolution` has a derived impl for the trait `Debug`, but this is intentionally ignored during dead code analysis

warning: fields `fact` and `fact_source` are never read
   --> crates/nq-monitor/src/docket_dossier.rs:413:5
    |
410 | struct Qualification {
    |        ------------- fields in this struct
...
413 |     fact: String,
    |     ^^^^
414 |     fact_source: String,
    |     ^^^^^^^^^^^
    |
    = note: `Qualification` has a derived impl for the trait `Debug`, but this is intentionally ignored during dead code analysis

warning: `nq-monitor` (lib) generated 4 warnings
warning: `nq-monitor` (bin "nq-monitor") generated 4 warnings (4 duplicates)
    Finished `release` profile [optimized] target(s) in 3m 48s
+ install -m 0755 target/release/nq-monitor ./nq-monitor
+ install -m 0755 target/release/nq-witness ./nq-witness
